2026-05-08 21:05:52,672 [INFO] device: cuda
2026-05-08 21:05:52,672 [INFO] package: /n/netscratch/kozinsky_lab/Lab/demiranda/projects/sparse_delta/saved_models/packages/M0-baseline-B.nequip.zip
2026-05-08 21:05:52,673 [INFO] train: /n/holylabs/LABS/kozinsky_lab/Users/demiranda/projects/multifidelity/data/optb88/cameron/split_dataset_r5.0_train.xyz
2026-05-08 21:05:52,674 [INFO] val:   /n/holylabs/LABS/kozinsky_lab/Users/demiranda/projects/multifidelity/data/optb88/cameron/split_dataset_r5.0_val.xyz
2026-05-08 21:05:52,675 [INFO] loading model package...
2026-05-08 21:05:52,676 [INFO] [rank: 0] Loading model from package file: /n/netscratch/kozinsky_lab/Lab/demiranda/projects/sparse_delta/saved_models/packages/M0-baseline-B.nequip.zip ...
2026-05-08 21:05:53,232 [INFO] model loaded; allegro module found: Allegro_Module
2026-05-08 21:05:53,232 [INFO] sanity probe on first val frame...
2026-05-08 21:05:53,374 [INFO] val frames: 244
2026-05-08 21:05:56,154 [INFO] sanity: frame0 atoms=155 edges=4002 F2_dim=96 (expect 96)
2026-05-08 21:05:56,154 [INFO] loading train xyz: /n/holylabs/LABS/kozinsky_lab/Users/demiranda/projects/multifidelity/data/optb88/cameron/split_dataset_r5.0_train.xyz
2026-05-08 21:05:57,098 [INFO] train frames: 1956
2026-05-08 21:05:57,099 [INFO] running stats pass over train...
2026-05-08 21:05:57,583 [INFO] stats pass: frame 50/1956 (103.3 fps)
2026-05-08 21:05:57,980 [INFO] stats pass: frame 100/1956 (113.5 fps)
2026-05-08 21:05:58,360 [INFO] stats pass: frame 150/1956 (118.9 fps)
2026-05-08 21:05:58,723 [INFO] stats pass: frame 200/1956 (123.2 fps)
2026-05-08 21:05:59,097 [INFO] stats pass: frame 250/1956 (125.1 fps)
2026-05-08 21:05:59,462 [INFO] stats pass: frame 300/1956 (126.9 fps)
2026-05-08 21:05:59,835 [INFO] stats pass: frame 350/1956 (127.9 fps)
2026-05-08 21:06:00,206 [INFO] stats pass: frame 400/1956 (128.7 fps)
2026-05-08 21:06:00,564 [INFO] stats pass: frame 450/1956 (129.9 fps)
2026-05-08 21:06:00,934 [INFO] stats pass: frame 500/1956 (130.4 fps)
2026-05-08 21:06:01,305 [INFO] stats pass: frame 550/1956 (130.8 fps)
2026-05-08 21:06:01,686 [INFO] stats pass: frame 600/1956 (130.8 fps)
2026-05-08 21:06:02,057 [INFO] stats pass: frame 650/1956 (131.1 fps)
2026-05-08 21:06:02,427 [INFO] stats pass: frame 700/1956 (131.4 fps)
2026-05-08 21:06:02,805 [INFO] stats pass: frame 750/1956 (131.4 fps)
2026-05-08 21:06:03,177 [INFO] stats pass: frame 800/1956 (131.6 fps)
2026-05-08 21:06:03,551 [INFO] stats pass: frame 850/1956 (131.7 fps)
2026-05-08 21:06:03,927 [INFO] stats pass: frame 900/1956 (131.8 fps)
2026-05-08 21:06:04,300 [INFO] stats pass: frame 950/1956 (131.9 fps)
2026-05-08 21:06:04,679 [INFO] stats pass: frame 1000/1956 (131.9 fps)
2026-05-08 21:06:05,048 [INFO] stats pass: frame 1050/1956 (132.1 fps)
2026-05-08 21:06:05,415 [INFO] stats pass: frame 1100/1956 (132.3 fps)
2026-05-08 21:06:05,779 [INFO] stats pass: frame 1150/1956 (132.5 fps)
2026-05-08 21:06:06,146 [INFO] stats pass: frame 1200/1956 (132.6 fps)
2026-05-08 21:06:06,524 [INFO] stats pass: frame 1250/1956 (132.6 fps)
2026-05-08 21:06:06,905 [INFO] stats pass: frame 1300/1956 (132.6 fps)
2026-05-08 21:06:07,287 [INFO] stats pass: frame 1350/1956 (132.5 fps)
2026-05-08 21:06:07,667 [INFO] stats pass: frame 1400/1956 (132.5 fps)
2026-05-08 21:06:08,040 [INFO] stats pass: frame 1450/1956 (132.5 fps)
2026-05-08 21:06:08,413 [INFO] stats pass: frame 1500/1956 (132.6 fps)
2026-05-08 21:06:08,791 [INFO] stats pass: frame 1550/1956 (132.6 fps)
2026-05-08 21:06:09,162 [INFO] stats pass: frame 1600/1956 (132.6 fps)
2026-05-08 21:06:09,539 [INFO] stats pass: frame 1650/1956 (132.6 fps)
2026-05-08 21:06:09,916 [INFO] stats pass: frame 1700/1956 (132.6 fps)
2026-05-08 21:06:10,292 [INFO] stats pass: frame 1750/1956 (132.6 fps)
2026-05-08 21:06:10,660 [INFO] stats pass: frame 1800/1956 (132.7 fps)
2026-05-08 21:06:11,042 [INFO] stats pass: frame 1850/1956 (132.7 fps)
2026-05-08 21:06:11,417 [INFO] stats pass: frame 1900/1956 (132.7 fps)
2026-05-08 21:06:11,793 [INFO] stats pass: frame 1950/1956 (132.7 fps)
2026-05-08 21:06:11,838 [INFO] stats pass done in 14.7s. per-type N: [25155, 25155, 106831]
2026-05-08 21:06:11,917 [INFO] saved stats to /n/netscratch/kozinsky_lab/Lab/demiranda/projects/sparse_delta/runs/m0_complexity_probe/stats_train.npz
2026-05-08 21:06:11,917 [INFO]   type C: N=25155 atoms
2026-05-08 21:06:11,918 [INFO]   type O: N=25155 atoms
2026-05-08 21:06:11,919 [INFO]   type Pt: N=106831 atoms
2026-05-08 21:06:11,920 [INFO] running score pass over val...
2026-05-08 21:06:12,155 [INFO] score pass: frame 25/244 (106.9 fps)
2026-05-08 21:06:12,376 [INFO] score pass: frame 50/244 (110.0 fps)
2026-05-08 21:06:12,612 [INFO] score pass: frame 75/244 (108.7 fps)
2026-05-08 21:06:12,834 [INFO] score pass: frame 100/244 (109.6 fps)
2026-05-08 21:06:13,061 [INFO] score pass: frame 125/244 (109.7 fps)
2026-05-08 21:06:13,292 [INFO] score pass: frame 150/244 (109.4 fps)
2026-05-08 21:06:13,516 [INFO] score pass: frame 175/244 (109.8 fps)
2026-05-08 21:06:13,747 [INFO] score pass: frame 200/244 (109.5 fps)
2026-05-08 21:06:13,970 [INFO] score pass: frame 225/244 (109.8 fps)
2026-05-08 21:06:14,143 [INFO] score pass done in 2.2s
2026-05-08 21:06:14,152 [INFO] writing extxyz to /n/netscratch/kozinsky_lab/Lab/demiranda/projects/sparse_delta/runs/m0_complexity_probe/val_with_si.xyz
2026-05-08 21:06:14,487 [INFO] per-atom rows: 19961
2026-05-08 21:06:14,489 [INFO] per-atom counts by class: {'mixed': 17320, 'Pt-only': 1969, 'CO-only': 672}
2026-05-08 21:06:14,490 [INFO] per-atom counts by type: {'C': 3326, 'O': 3326, 'Pt': 13309}
2026-05-08 21:06:14,890 [INFO] wrote /n/netscratch/kozinsky_lab/Lab/demiranda/projects/sparse_delta/runs/m0_complexity_probe/figures/hist_s_F2_norm_by_class.png
2026-05-08 21:06:15,149 [INFO] wrote /n/netscratch/kozinsky_lab/Lab/demiranda/projects/sparse_delta/runs/m0_complexity_probe/figures/hist_s_F2_norm_by_atomtype.png
2026-05-08 21:06:15,409 [INFO] wrote /n/netscratch/kozinsky_lab/Lab/demiranda/projects/sparse_delta/runs/m0_complexity_probe/figures/hist_s_F2a_norm_by_class.png
2026-05-08 21:06:15,656 [INFO] wrote /n/netscratch/kozinsky_lab/Lab/demiranda/projects/sparse_delta/runs/m0_complexity_probe/figures/hist_s_F2a_norm_by_atomtype.png
2026-05-08 21:06:16,099 [INFO] wrote /n/netscratch/kozinsky_lab/Lab/demiranda/projects/sparse_delta/runs/m0_complexity_probe/figures/hist_s_F2b_norm_by_class.png
2026-05-08 21:06:16,362 [INFO] wrote /n/netscratch/kozinsky_lab/Lab/demiranda/projects/sparse_delta/runs/m0_complexity_probe/figures/hist_s_F2b_norm_by_atomtype.png
2026-05-08 21:06:16,633 [INFO] wrote /n/netscratch/kozinsky_lab/Lab/demiranda/projects/sparse_delta/runs/m0_complexity_probe/figures/hist_s_F2c_norm_by_class.png
2026-05-08 21:06:16,878 [INFO] wrote /n/netscratch/kozinsky_lab/Lab/demiranda/projects/sparse_delta/runs/m0_complexity_probe/figures/hist_s_F2c_norm_by_atomtype.png
2026-05-08 21:06:17,139 [INFO] wrote /n/netscratch/kozinsky_lab/Lab/demiranda/projects/sparse_delta/runs/m0_complexity_probe/figures/hist_s_F2_maha_by_class.png
2026-05-08 21:06:17,391 [INFO] wrote /n/netscratch/kozinsky_lab/Lab/demiranda/projects/sparse_delta/runs/m0_complexity_probe/figures/hist_s_F2_maha_by_atomtype.png
2026-05-08 21:06:17,809 [INFO] wrote /n/netscratch/kozinsky_lab/Lab/demiranda/projects/sparse_delta/runs/m0_complexity_probe/figures/hist_s_F2c_maha_by_class.png
2026-05-08 21:06:18,062 [INFO] wrote /n/netscratch/kozinsky_lab/Lab/demiranda/projects/sparse_delta/runs/m0_complexity_probe/figures/hist_s_F2c_maha_by_atomtype.png
2026-05-08 21:06:18,177 [INFO] wrote /n/netscratch/kozinsky_lab/Lab/demiranda/projects/sparse_delta/runs/m0_complexity_probe/figures/violin_s_F2_norm_by_class.png
2026-05-08 21:06:18,283 [INFO] wrote /n/netscratch/kozinsky_lab/Lab/demiranda/projects/sparse_delta/runs/m0_complexity_probe/figures/violin_s_F2a_norm_by_class.png
2026-05-08 21:06:18,388 [INFO] wrote /n/netscratch/kozinsky_lab/Lab/demiranda/projects/sparse_delta/runs/m0_complexity_probe/figures/violin_s_F2b_norm_by_class.png
2026-05-08 21:06:18,491 [INFO] wrote /n/netscratch/kozinsky_lab/Lab/demiranda/projects/sparse_delta/runs/m0_complexity_probe/figures/violin_s_F2c_norm_by_class.png
2026-05-08 21:06:18,613 [INFO] wrote /n/netscratch/kozinsky_lab/Lab/demiranda/projects/sparse_delta/runs/m0_complexity_probe/figures/violin_s_F2_maha_by_class.png
2026-05-08 21:06:18,727 [INFO] wrote /n/netscratch/kozinsky_lab/Lab/demiranda/projects/sparse_delta/runs/m0_complexity_probe/figures/violin_s_F2c_maha_by_class.png
2026-05-08 21:06:19,411 [INFO] wrote /n/netscratch/kozinsky_lab/Lab/demiranda/projects/sparse_delta/runs/m0_complexity_probe/figures/edge_norms_by_pair.png
2026-05-08 21:06:19,414 [INFO] DONE
