wandb: WARNING The anonymous setting has no effect and will be removed in a future version.
wandb: [wandb.login()] Loaded credentials for https://api.wandb.ai from /n/home04/demiranda/.netrc.
wandb: Currently logged in as: demiranda-gabriel to https://api.wandb.ai. Use `wandb login --relogin` to force relogin
wandb: Tracking run with wandb version 0.27.0
wandb: Run data is saved locally in /n/netscratch/kozinsky_lab/Lab/demiranda/projects/sparse_delta/runs/4-composite_warmstart_diag_b2/wandb/run-20260518_162842-alht3hv9
wandb: Run `wandb offline` to turn off syncing.
wandb: Syncing run 4-composite_warmstart_diag_b2
wandb: ⭐️ View project at https://wandb.ai/demiranda-gabriel/sparse-delta
wandb: 🚀 View run at https://wandb.ai/demiranda-gabriel/sparse-delta/runs/alht3hv9
/n/netscratch/kozinsky_lab/Lab/demiranda/projects/sparse_delta/.venv/lib/python3.12/site-packages/lightning/pytorch/callbacks/model_checkpoint.py:881: Checkpoint directory /n/netscratch/kozinsky_lab/Lab/demiranda/projects/sparse_delta/runs/4-composite_warmstart_diag_b2 exists and is not empty.
LOCAL_RANK: 0 - CUDA_VISIBLE_DEVICES: [MIG-cdcb49c9-721d-58e0-b8dd-e3c4209e5958]

  | Name          | Type           | Params | Mode  | FLOPs
-----------------------------------------------------------------
0 | model         | ModuleDict     | 113 K  | train | 0    
1 | loss          | MetricsManager | 0      | train | 0    
2 | train_metrics | MetricsManager | 0      | train | 0    
3 | val_metrics   | ModuleList     | 0      | train | 0    
4 | test_metrics  | ModuleList     | 0      | train | 0    
-----------------------------------------------------------------
113 K     Trainable params
0         Non-trainable params
113 K     Total params
0.452     Total estimated model params size (MB)
126       Modules in train mode
0         Modules in eval mode
0         Total Flops
SLURM auto-requeueing enabled. Setting signal handlers.
/n/netscratch/kozinsky_lab/Lab/demiranda/projects/sparse_delta/.venv/lib/python3.12/site-packages/torch/_inductor/compile_fx.py:322: UserWarning: TensorFloat32 tensor cores for float32 matrix multiplication available but not enabled. Consider setting `torch.set_float32_matmul_precision('high')` for better performance.
  warnings.warn(
W0518 16:29:17.775000 1746267 torch/_inductor/utils.py:1731] [0/0] Not enough SMs to use max_autotune_gemm mode
/n/netscratch/kozinsky_lab/Lab/demiranda/projects/sparse_delta/.venv/lib/python3.12/site-packages/torch/autograd/graph.py:869: UserWarning: Error detected in CompiledFunctionBackward. Traceback of forward call that caused the error:
  File "/n/netscratch/kozinsky_lab/Lab/demiranda/projects/sparse_delta/.venv/bin/nequip-train", line 10, in <module>
    sys.exit(main())
  File "/n/netscratch/kozinsky_lab/Lab/demiranda/projects/sparse_delta/.venv/lib/python3.12/site-packages/hydra/main.py", line 94, in decorated_main
    _run_hydra(
  File "/n/netscratch/kozinsky_lab/Lab/demiranda/projects/sparse_delta/.venv/lib/python3.12/site-packages/hydra/_internal/utils.py", line 394, in _run_hydra
    _run_app(
  File "/n/netscratch/kozinsky_lab/Lab/demiranda/projects/sparse_delta/.venv/lib/python3.12/site-packages/hydra/_internal/utils.py", line 457, in _run_app
    run_and_report(
  File "/n/netscratch/kozinsky_lab/Lab/demiranda/projects/sparse_delta/.venv/lib/python3.12/site-packages/hydra/_internal/utils.py", line 220, in run_and_report
    return func()
  File "/n/netscratch/kozinsky_lab/Lab/demiranda/projects/sparse_delta/.venv/lib/python3.12/site-packages/hydra/_internal/utils.py", line 458, in <lambda>
    lambda: hydra.run(
  File "/n/netscratch/kozinsky_lab/Lab/demiranda/projects/sparse_delta/.venv/lib/python3.12/site-packages/hydra/_internal/hydra.py", line 119, in run
    ret = run_job(
  File "/n/netscratch/kozinsky_lab/Lab/demiranda/projects/sparse_delta/.venv/lib/python3.12/site-packages/hydra/core/utils.py", line 186, in run_job
    ret.return_value = task_function(task_cfg)
  File "/n/netscratch/kozinsky_lab/Lab/demiranda/projects/sparse_delta/software/nequip-private/nequip/scripts/train.py", line 245, in main
    _run_with_suppressed_leafspec_warning(
  File "/n/netscratch/kozinsky_lab/Lab/demiranda/projects/sparse_delta/software/nequip-private/nequip/scripts/train.py", line 40, in _run_with_suppressed_leafspec_warning
    trainer_call(**kwargs)
  File "/n/netscratch/kozinsky_lab/Lab/demiranda/projects/sparse_delta/.venv/lib/python3.12/site-packages/lightning/pytorch/trainer/trainer.py", line 584, in fit
    call._call_and_handle_interrupt(
  File "/n/netscratch/kozinsky_lab/Lab/demiranda/projects/sparse_delta/.venv/lib/python3.12/site-packages/lightning/pytorch/trainer/call.py", line 49, in _call_and_handle_interrupt
    return trainer_fn(*args, **kwargs)
  File "/n/netscratch/kozinsky_lab/Lab/demiranda/projects/sparse_delta/.venv/lib/python3.12/site-packages/lightning/pytorch/trainer/trainer.py", line 630, in _fit_impl
    self._run(model, ckpt_path=ckpt_path, weights_only=weights_only)
  File "/n/netscratch/kozinsky_lab/Lab/demiranda/projects/sparse_delta/.venv/lib/python3.12/site-packages/lightning/pytorch/trainer/trainer.py", line 1079, in _run
    results = self._run_stage()
  File "/n/netscratch/kozinsky_lab/Lab/demiranda/projects/sparse_delta/.venv/lib/python3.12/site-packages/lightning/pytorch/trainer/trainer.py", line 1123, in _run_stage
    self.fit_loop.run()
  File "/n/netscratch/kozinsky_lab/Lab/demiranda/projects/sparse_delta/.venv/lib/python3.12/site-packages/lightning/pytorch/loops/fit_loop.py", line 217, in run
    self.advance()
  File "/n/netscratch/kozinsky_lab/Lab/demiranda/projects/sparse_delta/.venv/lib/python3.12/site-packages/lightning/pytorch/loops/fit_loop.py", line 465, in advance
    self.epoch_loop.run(self._data_fetcher)
  File "/n/netscratch/kozinsky_lab/Lab/demiranda/projects/sparse_delta/.venv/lib/python3.12/site-packages/lightning/pytorch/loops/training_epoch_loop.py", line 153, in run
    self.advance(data_fetcher)
  File "/n/netscratch/kozinsky_lab/Lab/demiranda/projects/sparse_delta/.venv/lib/python3.12/site-packages/lightning/pytorch/loops/training_epoch_loop.py", line 352, in advance
    batch_output = self.automatic_optimization.run(trainer.optimizers[0], batch_idx, kwargs)
  File "/n/netscratch/kozinsky_lab/Lab/demiranda/projects/sparse_delta/.venv/lib/python3.12/site-packages/lightning/pytorch/loops/optimization/automatic.py", line 192, in run
    self._optimizer_step(batch_idx, closure)
  File "/n/netscratch/kozinsky_lab/Lab/demiranda/projects/sparse_delta/.venv/lib/python3.12/site-packages/lightning/pytorch/loops/optimization/automatic.py", line 270, in _optimizer_step
    call._call_lightning_module_hook(
  File "/n/netscratch/kozinsky_lab/Lab/demiranda/projects/sparse_delta/.venv/lib/python3.12/site-packages/lightning/pytorch/trainer/call.py", line 177, in _call_lightning_module_hook
    output = fn(*args, **kwargs)
  File "/n/netscratch/kozinsky_lab/Lab/demiranda/projects/sparse_delta/.venv/lib/python3.12/site-packages/lightning/pytorch/core/module.py", line 1368, in optimizer_step
    optimizer.step(closure=optimizer_closure)
  File "/n/netscratch/kozinsky_lab/Lab/demiranda/projects/sparse_delta/.venv/lib/python3.12/site-packages/lightning/pytorch/core/optimizer.py", line 154, in step
    step_output = self._strategy.optimizer_step(self._optimizer, closure, **kwargs)
  File "/n/netscratch/kozinsky_lab/Lab/demiranda/projects/sparse_delta/.venv/lib/python3.12/site-packages/lightning/pytorch/strategies/strategy.py", line 239, in optimizer_step
    return self.precision_plugin.optimizer_step(optimizer, model=model, closure=closure, **kwargs)
  File "/n/netscratch/kozinsky_lab/Lab/demiranda/projects/sparse_delta/.venv/lib/python3.12/site-packages/lightning/pytorch/plugins/precision/precision.py", line 123, in optimizer_step
    return optimizer.step(closure=closure, **kwargs)
  File "/n/netscratch/kozinsky_lab/Lab/demiranda/projects/sparse_delta/.venv/lib/python3.12/site-packages/torch/optim/optimizer.py", line 533, in wrapper
    out = func(*args, **kwargs)
  File "/n/netscratch/kozinsky_lab/Lab/demiranda/projects/sparse_delta/.venv/lib/python3.12/site-packages/torch/optim/optimizer.py", line 81, in _use_grad
    ret = func(*args, **kwargs)
  File "/n/netscratch/kozinsky_lab/Lab/demiranda/projects/sparse_delta/.venv/lib/python3.12/site-packages/torch/optim/adam.py", line 227, in step
    loss = closure()
  File "/n/netscratch/kozinsky_lab/Lab/demiranda/projects/sparse_delta/.venv/lib/python3.12/site-packages/lightning/pytorch/plugins/precision/precision.py", line 109, in _wrap_closure
    closure_result = closure()
  File "/n/netscratch/kozinsky_lab/Lab/demiranda/projects/sparse_delta/.venv/lib/python3.12/site-packages/lightning/pytorch/loops/optimization/automatic.py", line 146, in __call__
    self._result = self.closure(*args, **kwargs)
  File "/n/netscratch/kozinsky_lab/Lab/demiranda/projects/sparse_delta/.venv/lib/python3.12/site-packages/torch/utils/_contextlib.py", line 124, in decorate_context
    return func(*args, **kwargs)
  File "/n/netscratch/kozinsky_lab/Lab/demiranda/projects/sparse_delta/.venv/lib/python3.12/site-packages/lightning/pytorch/loops/optimization/automatic.py", line 131, in closure
    step_output = self._step_fn()
  File "/n/netscratch/kozinsky_lab/Lab/demiranda/projects/sparse_delta/.venv/lib/python3.12/site-packages/lightning/pytorch/loops/optimization/automatic.py", line 319, in _training_step
    training_step_output = call._call_strategy_hook(trainer, "training_step", *kwargs.values())
  File "/n/netscratch/kozinsky_lab/Lab/demiranda/projects/sparse_delta/.venv/lib/python3.12/site-packages/lightning/pytorch/trainer/call.py", line 329, in _call_strategy_hook
    output = fn(*args, **kwargs)
  File "/n/netscratch/kozinsky_lab/Lab/demiranda/projects/sparse_delta/.venv/lib/python3.12/site-packages/lightning/pytorch/strategies/strategy.py", line 391, in training_step
    return self.lightning_module.training_step(*args, **kwargs)
  File "/n/netscratch/kozinsky_lab/Lab/demiranda/projects/sparse_delta/software/nequip-private/nequip/train/lightning.py", line 244, in training_step
    output = self(batch)
  File "/n/netscratch/kozinsky_lab/Lab/demiranda/projects/sparse_delta/.venv/lib/python3.12/site-packages/torch/nn/modules/module.py", line 1779, in _wrapped_call_impl
    return self._call_impl(*args, **kwargs)
  File "/n/netscratch/kozinsky_lab/Lab/demiranda/projects/sparse_delta/.venv/lib/python3.12/site-packages/torch/nn/modules/module.py", line 1790, in _call_impl
    return forward_call(*args, **kwargs)
  File "/n/netscratch/kozinsky_lab/Lab/demiranda/projects/sparse_delta/software/nequip-private/nequip/train/lightning.py", line 226, in forward
    return self.model[_SOLE_MODEL_KEY](inputs)
  File "/n/netscratch/kozinsky_lab/Lab/demiranda/projects/sparse_delta/.venv/lib/python3.12/site-packages/torch/nn/modules/module.py", line 1779, in _wrapped_call_impl
    return self._call_impl(*args, **kwargs)
  File "/n/netscratch/kozinsky_lab/Lab/demiranda/projects/sparse_delta/.venv/lib/python3.12/site-packages/torch/nn/modules/module.py", line 1790, in _call_impl
    return forward_call(*args, **kwargs)
  File "/n/netscratch/kozinsky_lab/Lab/demiranda/projects/sparse_delta/software/nequip-private/nequip/nn/compile.py", line 215, in forward
    out_dict = self._compiled_forward(
  File "/n/netscratch/kozinsky_lab/Lab/demiranda/projects/sparse_delta/software/nequip-private/nequip/nn/compile.py", line 226, in _compiled_forward
    out_list = compiled_model(*(data_list + weights + buffers))
  File "/n/netscratch/kozinsky_lab/Lab/demiranda/projects/sparse_delta/.venv/lib/python3.12/site-packages/torch/_dynamo/eval_frame.py", line 472, in __call__
    return super().__call__(*args, **kwargs)
  File "/n/netscratch/kozinsky_lab/Lab/demiranda/projects/sparse_delta/.venv/lib/python3.12/site-packages/torch/nn/modules/module.py", line 1779, in _wrapped_call_impl
    return self._call_impl(*args, **kwargs)
  File "/n/netscratch/kozinsky_lab/Lab/demiranda/projects/sparse_delta/.venv/lib/python3.12/site-packages/torch/nn/modules/module.py", line 1790, in _call_impl
    return forward_call(*args, **kwargs)
  File "/n/netscratch/kozinsky_lab/Lab/demiranda/projects/sparse_delta/.venv/lib/python3.12/site-packages/torch/_dynamo/eval_frame.py", line 1024, in compile_wrapper
    return fn(*args, **kwargs)
  File "/n/netscratch/kozinsky_lab/Lab/demiranda/projects/sparse_delta/.venv/lib/python3.12/site-packages/torch/fx/graph_module.py", line 949, in call_wrapped
    return self._wrapped_call(self, *args, **kwargs)
  File "/n/netscratch/kozinsky_lab/Lab/demiranda/projects/sparse_delta/.venv/lib/python3.12/site-packages/torch/fx/graph_module.py", line 447, in __call__
    return super(self.cls, obj).__call__(*args, **kwargs)  # type: ignore[misc]
  File "/n/netscratch/kozinsky_lab/Lab/demiranda/projects/sparse_delta/.venv/lib/python3.12/site-packages/torch/nn/modules/module.py", line 1779, in _wrapped_call_impl
    return self._call_impl(*args, **kwargs)
  File "/n/netscratch/kozinsky_lab/Lab/demiranda/projects/sparse_delta/.venv/lib/python3.12/site-packages/torch/nn/modules/module.py", line 1790, in _call_impl
    return forward_call(*args, **kwargs)
  File "<eval_with_key>.0 from /n/netscratch/kozinsky_lab/Lab/demiranda/projects/sparse_delta/.venv/lib/python3.12/site-packages/torch/fx/experimental/proxy_tensor.py:1580 in wrapped", line 4, in forward
    def forward(self, arg0_1, arg1_1, arg2_1, arg3_1, arg4_1, arg5_1, arg6_1, arg7_1, arg8_1, arg9_1, arg10_1, arg11_1, arg12_1, arg13_1, arg14_1, arg15_1, arg16_1, arg17_1, arg18_1, arg19_1, arg20_1, arg21_1, arg22_1, arg23_1, arg24_1, arg25_1, arg26_1, arg27_1, arg28_1, arg29_1, arg30_1, arg31_1, arg32_1, arg33_1, arg34_1, arg35_1, arg36_1, arg37_1, arg38_1, arg39_1, arg40_1, arg41_1, arg42_1, arg43_1, arg44_1, arg45_1, arg46_1, arg47_1, arg48_1, arg49_1, arg50_1, arg51_1, arg52_1, arg53_1, arg54_1, arg55_1, arg56_1, arg57_1, arg58_1, arg59_1, arg60_1, arg61_1, arg62_1, arg63_1, arg64_1, arg65_1, arg66_1):
  File "/n/netscratch/kozinsky_lab/Lab/demiranda/projects/sparse_delta/.venv/lib/python3.12/site-packages/torch/_dynamo/eval_frame.py", line 1263, in _fn
    return fn(*args, **kwargs)
  File "/n/netscratch/kozinsky_lab/Lab/demiranda/projects/sparse_delta/.venv/lib/python3.12/site-packages/torch/_functorch/aot_autograd.py", line 1200, in forward
    return compiled_fn(full_args)
  File "/n/netscratch/kozinsky_lab/Lab/demiranda/projects/sparse_delta/.venv/lib/python3.12/site-packages/torch/_functorch/_aot_autograd/runtime_wrappers.py", line 2298, in __call__
    return self.compiled_fn(*args, **kwargs)
  File "/n/netscratch/kozinsky_lab/Lab/demiranda/projects/sparse_delta/.venv/lib/python3.12/site-packages/torch/_functorch/_aot_autograd/runtime_wrappers.py", line 566, in runtime_wrapper
    all_outs = call_func_at_runtime_with_args(
  File "/n/netscratch/kozinsky_lab/Lab/demiranda/projects/sparse_delta/.venv/lib/python3.12/site-packages/torch/_functorch/_aot_autograd/utils.py", line 138, in call_func_at_runtime_with_args
    out = normalize_as_list(f(args))
  File "/n/netscratch/kozinsky_lab/Lab/demiranda/projects/sparse_delta/.venv/lib/python3.12/site-packages/torch/_functorch/_aot_autograd/utils.py", line 105, in g
    return f(*args)
  File "/n/netscratch/kozinsky_lab/Lab/demiranda/projects/sparse_delta/.venv/lib/python3.12/site-packages/torch/autograd/function.py", line 596, in apply
    return super().apply(*args, **kwargs)  # type: ignore[misc]
 (Triggered internally at /pytorch/torch/csrc/autograd/python_anomaly_mode.cpp:122.)
  return Variable._execution_engine.run_backward(  # Calls into the C++ engine to run the backward pass
Error executing job with overrides: []
Traceback (most recent call last):
  File "/n/netscratch/kozinsky_lab/Lab/demiranda/projects/sparse_delta/.venv/bin/nequip-train", line 10, in <module>
    sys.exit(main())
             ^^^^^^
  File "/n/netscratch/kozinsky_lab/Lab/demiranda/projects/sparse_delta/.venv/lib/python3.12/site-packages/hydra/main.py", line 94, in decorated_main
    _run_hydra(
  File "/n/netscratch/kozinsky_lab/Lab/demiranda/projects/sparse_delta/.venv/lib/python3.12/site-packages/hydra/_internal/utils.py", line 394, in _run_hydra
    _run_app(
  File "/n/netscratch/kozinsky_lab/Lab/demiranda/projects/sparse_delta/.venv/lib/python3.12/site-packages/hydra/_internal/utils.py", line 457, in _run_app
    run_and_report(
  File "/n/netscratch/kozinsky_lab/Lab/demiranda/projects/sparse_delta/.venv/lib/python3.12/site-packages/hydra/_internal/utils.py", line 223, in run_and_report
    raise ex
  File "/n/netscratch/kozinsky_lab/Lab/demiranda/projects/sparse_delta/.venv/lib/python3.12/site-packages/hydra/_internal/utils.py", line 220, in run_and_report
    return func()
           ^^^^^^
  File "/n/netscratch/kozinsky_lab/Lab/demiranda/projects/sparse_delta/.venv/lib/python3.12/site-packages/hydra/_internal/utils.py", line 458, in <lambda>
    lambda: hydra.run(
            ^^^^^^^^^^
  File "/n/netscratch/kozinsky_lab/Lab/demiranda/projects/sparse_delta/.venv/lib/python3.12/site-packages/hydra/_internal/hydra.py", line 132, in run
    _ = ret.return_value
        ^^^^^^^^^^^^^^^^
  File "/n/netscratch/kozinsky_lab/Lab/demiranda/projects/sparse_delta/.venv/lib/python3.12/site-packages/hydra/core/utils.py", line 260, in return_value
    raise self._return_value
  File "/n/netscratch/kozinsky_lab/Lab/demiranda/projects/sparse_delta/.venv/lib/python3.12/site-packages/hydra/core/utils.py", line 186, in run_job
    ret.return_value = task_function(task_cfg)
                       ^^^^^^^^^^^^^^^^^^^^^^^
  File "/n/netscratch/kozinsky_lab/Lab/demiranda/projects/sparse_delta/software/nequip-private/nequip/scripts/train.py", line 245, in main
    _run_with_suppressed_leafspec_warning(
  File "/n/netscratch/kozinsky_lab/Lab/demiranda/projects/sparse_delta/software/nequip-private/nequip/scripts/train.py", line 40, in _run_with_suppressed_leafspec_warning
    trainer_call(**kwargs)
  File "/n/netscratch/kozinsky_lab/Lab/demiranda/projects/sparse_delta/.venv/lib/python3.12/site-packages/lightning/pytorch/trainer/trainer.py", line 584, in fit
    call._call_and_handle_interrupt(
  File "/n/netscratch/kozinsky_lab/Lab/demiranda/projects/sparse_delta/.venv/lib/python3.12/site-packages/lightning/pytorch/trainer/call.py", line 49, in _call_and_handle_interrupt
    return trainer_fn(*args, **kwargs)
           ^^^^^^^^^^^^^^^^^^^^^^^^^^^
  File "/n/netscratch/kozinsky_lab/Lab/demiranda/projects/sparse_delta/.venv/lib/python3.12/site-packages/lightning/pytorch/trainer/trainer.py", line 630, in _fit_impl
    self._run(model, ckpt_path=ckpt_path, weights_only=weights_only)
  File "/n/netscratch/kozinsky_lab/Lab/demiranda/projects/sparse_delta/.venv/lib/python3.12/site-packages/lightning/pytorch/trainer/trainer.py", line 1079, in _run
    results = self._run_stage()
              ^^^^^^^^^^^^^^^^^
  File "/n/netscratch/kozinsky_lab/Lab/demiranda/projects/sparse_delta/.venv/lib/python3.12/site-packages/lightning/pytorch/trainer/trainer.py", line 1123, in _run_stage
    self.fit_loop.run()
  File "/n/netscratch/kozinsky_lab/Lab/demiranda/projects/sparse_delta/.venv/lib/python3.12/site-packages/lightning/pytorch/loops/fit_loop.py", line 217, in run
    self.advance()
  File "/n/netscratch/kozinsky_lab/Lab/demiranda/projects/sparse_delta/.venv/lib/python3.12/site-packages/lightning/pytorch/loops/fit_loop.py", line 465, in advance
    self.epoch_loop.run(self._data_fetcher)
  File "/n/netscratch/kozinsky_lab/Lab/demiranda/projects/sparse_delta/.venv/lib/python3.12/site-packages/lightning/pytorch/loops/training_epoch_loop.py", line 153, in run
    self.advance(data_fetcher)
  File "/n/netscratch/kozinsky_lab/Lab/demiranda/projects/sparse_delta/.venv/lib/python3.12/site-packages/lightning/pytorch/loops/training_epoch_loop.py", line 352, in advance
    batch_output = self.automatic_optimization.run(trainer.optimizers[0], batch_idx, kwargs)
                   ^^^^^^^^^^^^^^^^^^^^^^^^^^^^^^^^^^^^^^^^^^^^^^^^^^^^^^^^^^^^^^^^^^^^^^^^^
  File "/n/netscratch/kozinsky_lab/Lab/demiranda/projects/sparse_delta/.venv/lib/python3.12/site-packages/lightning/pytorch/loops/optimization/automatic.py", line 192, in run
    self._optimizer_step(batch_idx, closure)
  File "/n/netscratch/kozinsky_lab/Lab/demiranda/projects/sparse_delta/.venv/lib/python3.12/site-packages/lightning/pytorch/loops/optimization/automatic.py", line 270, in _optimizer_step
    call._call_lightning_module_hook(
  File "/n/netscratch/kozinsky_lab/Lab/demiranda/projects/sparse_delta/.venv/lib/python3.12/site-packages/lightning/pytorch/trainer/call.py", line 177, in _call_lightning_module_hook
    output = fn(*args, **kwargs)
             ^^^^^^^^^^^^^^^^^^^
  File "/n/netscratch/kozinsky_lab/Lab/demiranda/projects/sparse_delta/.venv/lib/python3.12/site-packages/lightning/pytorch/core/module.py", line 1368, in optimizer_step
    optimizer.step(closure=optimizer_closure)
  File "/n/netscratch/kozinsky_lab/Lab/demiranda/projects/sparse_delta/.venv/lib/python3.12/site-packages/lightning/pytorch/core/optimizer.py", line 154, in step
    step_output = self._strategy.optimizer_step(self._optimizer, closure, **kwargs)
                  ^^^^^^^^^^^^^^^^^^^^^^^^^^^^^^^^^^^^^^^^^^^^^^^^^^^^^^^^^^^^^^^^^
  File "/n/netscratch/kozinsky_lab/Lab/demiranda/projects/sparse_delta/.venv/lib/python3.12/site-packages/lightning/pytorch/strategies/strategy.py", line 239, in optimizer_step
    return self.precision_plugin.optimizer_step(optimizer, model=model, closure=closure, **kwargs)
           ^^^^^^^^^^^^^^^^^^^^^^^^^^^^^^^^^^^^^^^^^^^^^^^^^^^^^^^^^^^^^^^^^^^^^^^^^^^^^^^^^^^^^^^
  File "/n/netscratch/kozinsky_lab/Lab/demiranda/projects/sparse_delta/.venv/lib/python3.12/site-packages/lightning/pytorch/plugins/precision/precision.py", line 123, in optimizer_step
    return optimizer.step(closure=closure, **kwargs)
           ^^^^^^^^^^^^^^^^^^^^^^^^^^^^^^^^^^^^^^^^^
  File "/n/netscratch/kozinsky_lab/Lab/demiranda/projects/sparse_delta/.venv/lib/python3.12/site-packages/torch/optim/optimizer.py", line 533, in wrapper
    out = func(*args, **kwargs)
          ^^^^^^^^^^^^^^^^^^^^^
  File "/n/netscratch/kozinsky_lab/Lab/demiranda/projects/sparse_delta/.venv/lib/python3.12/site-packages/torch/optim/optimizer.py", line 81, in _use_grad
    ret = func(*args, **kwargs)
          ^^^^^^^^^^^^^^^^^^^^^
  File "/n/netscratch/kozinsky_lab/Lab/demiranda/projects/sparse_delta/.venv/lib/python3.12/site-packages/torch/optim/adam.py", line 227, in step
    loss = closure()
           ^^^^^^^^^
  File "/n/netscratch/kozinsky_lab/Lab/demiranda/projects/sparse_delta/.venv/lib/python3.12/site-packages/lightning/pytorch/plugins/precision/precision.py", line 109, in _wrap_closure
    closure_result = closure()
                     ^^^^^^^^^
  File "/n/netscratch/kozinsky_lab/Lab/demiranda/projects/sparse_delta/.venv/lib/python3.12/site-packages/lightning/pytorch/loops/optimization/automatic.py", line 146, in __call__
    self._result = self.closure(*args, **kwargs)
                   ^^^^^^^^^^^^^^^^^^^^^^^^^^^^^
  File "/n/netscratch/kozinsky_lab/Lab/demiranda/projects/sparse_delta/.venv/lib/python3.12/site-packages/torch/utils/_contextlib.py", line 124, in decorate_context
    return func(*args, **kwargs)
           ^^^^^^^^^^^^^^^^^^^^^
  File "/n/netscratch/kozinsky_lab/Lab/demiranda/projects/sparse_delta/.venv/lib/python3.12/site-packages/lightning/pytorch/loops/optimization/automatic.py", line 140, in closure
    self._backward_fn(step_output.closure_loss)
  File "/n/netscratch/kozinsky_lab/Lab/demiranda/projects/sparse_delta/.venv/lib/python3.12/site-packages/lightning/pytorch/loops/optimization/automatic.py", line 241, in backward_fn
    call._call_strategy_hook(self.trainer, "backward", loss, optimizer)
  File "/n/netscratch/kozinsky_lab/Lab/demiranda/projects/sparse_delta/.venv/lib/python3.12/site-packages/lightning/pytorch/trainer/call.py", line 329, in _call_strategy_hook
    output = fn(*args, **kwargs)
             ^^^^^^^^^^^^^^^^^^^
  File "/n/netscratch/kozinsky_lab/Lab/demiranda/projects/sparse_delta/.venv/lib/python3.12/site-packages/lightning/pytorch/strategies/strategy.py", line 213, in backward
    self.precision_plugin.backward(closure_loss, self.lightning_module, optimizer, *args, **kwargs)
  File "/n/netscratch/kozinsky_lab/Lab/demiranda/projects/sparse_delta/.venv/lib/python3.12/site-packages/lightning/pytorch/plugins/precision/precision.py", line 73, in backward
    model.backward(tensor, *args, **kwargs)
  File "/n/netscratch/kozinsky_lab/Lab/demiranda/projects/sparse_delta/.venv/lib/python3.12/site-packages/lightning/pytorch/core/module.py", line 1137, in backward
    loss.backward(*args, **kwargs)
  File "/n/netscratch/kozinsky_lab/Lab/demiranda/projects/sparse_delta/.venv/lib/python3.12/site-packages/torch/_tensor.py", line 631, in backward
    torch.autograd.backward(
  File "/n/netscratch/kozinsky_lab/Lab/demiranda/projects/sparse_delta/.venv/lib/python3.12/site-packages/torch/autograd/__init__.py", line 381, in backward
    _engine_run_backward(
  File "/n/netscratch/kozinsky_lab/Lab/demiranda/projects/sparse_delta/.venv/lib/python3.12/site-packages/torch/autograd/graph.py", line 869, in _engine_run_backward
    return Variable._execution_engine.run_backward(  # Calls into the C++ engine to run the backward pass
           ^^^^^^^^^^^^^^^^^^^^^^^^^^^^^^^^^^^^^^^^^^^^^^^^^^^^^^^^^^^^^^^^^^^^^^^^^^^^^^^^^^^^^^^^^^^^^^
RuntimeError: Function 'CompiledFunctionBackward' returned nan values in its 8th output.
srun: error: holygpu7c26106: task 0: Exited with exit code 1
