[chain] no last.ckpt — starting fresh; loading M0 from stage 1
[2026-05-26 14:11:34,033][nequip.scripts.train][INFO] - [rank: 0] Starting fresh training ...
[2026-05-26 14:11:34,037][nequip.utils.versions.package_versions][INFO] - [rank: 0] Version Information:
[2026-05-26 14:11:34,037][nequip.utils.versions.package_versions][INFO] - [rank: 0] torch 2.11.0+cu128
[2026-05-26 14:11:34,037][nequip.utils.versions.package_versions][INFO] - [rank: 0] e3nn 0.6.0
[2026-05-26 14:11:34,037][nequip.utils.versions.package_versions][INFO] - [rank: 0] nequip 0.17.1
[2026-05-26 14:11:34,037][nequip.utils.versions.package_versions][INFO] - [rank: 0] allegro 0.8.2
[2026-05-26 14:11:34,037][nequip.utils.versions.package_versions][INFO] - [rank: 0] sparse_delta_core._keys None
[2026-05-26 14:11:34,037][nequip.scripts.train][INFO] - [rank: 0] This `nequip-train` run will perform the following tasks: ['train', 'test']
[2026-05-26 14:11:34,037][nequip.scripts.train][INFO] - [rank: 0] and use the output directory provided by Hydra: /n/netscratch/kozinsky_lab/Lab/demiranda/projects/sparse_delta/runs/5-composite_staged/5-composite_staged-stage2_m1
[2026-05-26 14:11:35,284][nequip.scripts.train][INFO] - [rank: 0] Building datamodule ...
[2026-05-26 14:11:35,294][nequip.data.datamodule._base_datamodule][INFO] - [rank: 0] Found 1 training dataset(s), 1 validation dataset(s), 1 test dataset(s), and 0 predict dataset(s).
[2026-05-26 14:11:35,417][pytorch_lightning.utilities.rank_zero][INFO] - GPU available: True (cuda), using: 1 GPU (cuda)
[2026-05-26 14:11:35,418][pytorch_lightning.utilities.rank_zero][INFO] - TPU available: False, using: 0 TPU cores
[2026-05-26 14:11:35,418][pytorch_lightning.utilities.rank_zero][INFO] - HPU available: False, using: 0 HPUs
[2026-05-26 14:11:35,418][pytorch_lightning.utilities.rank_zero][INFO] - 💡 Tip: For seamless cloud logging and experiment tracking, try installing [litlogger](https://pypi.org/project/litlogger/) to enable LitLogger, which logs metrics and artifacts automatically to the Lightning Experiments platform.
[2026-05-26 14:11:39,516][nequip.data.stats_manager][INFO] - [rank: 0] Computed data statistics:
[2026-05-26 14:11:39,516][nequip.data.stats_manager][INFO] - [rank: 0] num_neighbors_mean: 21.26209853345819
[2026-05-26 14:11:39,516][nequip.data.stats_manager][INFO] - [rank: 0] per_type_num_neighbors_mean_C: 12.902882130789102
[2026-05-26 14:11:39,516][nequip.data.stats_manager][INFO] - [rank: 0] per_type_num_neighbors_mean_O: 10.65350824885709
[2026-05-26 14:11:39,517][nequip.data.stats_manager][INFO] - [rank: 0] per_type_num_neighbors_mean_Pt: 25.186197991627665
[2026-05-26 14:11:39,517][nequip.data.stats_manager][INFO] - [rank: 0] per_atom_energy_mean: -4.611572294569534
[2026-05-26 14:11:39,517][nequip.data.stats_manager][INFO] - [rank: 0] forces_rms: 2.7702254360720606
[2026-05-26 14:11:39,517][nequip.data.stats_manager][INFO] - [rank: 0] per_type_forces_rms_C: 4.946019216139332
[2026-05-26 14:11:39,517][nequip.data.stats_manager][INFO] - [rank: 0] per_type_forces_rms_O: 4.861636719644115
[2026-05-26 14:11:39,517][nequip.data.stats_manager][INFO] - [rank: 0] per_type_forces_rms_Pt: 0.9479949496296197
[2026-05-26 14:11:39,522][nequip.scripts.train][INFO] - [rank: 0] Building model and training_module from scratch ...
[2026-05-26 14:11:44,554][nequip.scripts.train][INFO] - [rank: 0] TRAIN RUN START
[2026-05-26 14:11:44,562][pytorch_lightning.utilities.rank_zero][INFO] - You are using a CUDA device ('NVIDIA A100-SXM4-80GB') that has Tensor Cores. To properly utilize them, you should set `torch.set_float32_matmul_precision('medium' | 'high')` which will trade-off precision for performance. For more details, read https://pytorch.org/docs/stable/generated/torch.set_float32_matmul_precision.html#torch.set_float32_matmul_precision
[2026-05-26 14:11:52,859][sparse_delta_core.train.stage_transfer][INFO] - LoadWeightsCallback: loaded 22 matched params from '/n/netscratch/kozinsky_lab/Lab/demiranda/projects/sparse_delta/runs/5-composite_staged/stage1_m0/stage1_weights.pt'. Missing (target only): 21, unexpected (source only): 0. strict=False; load_state_dict result: missing_keys=21, unexpected_keys=0.
[1;34mwandb[0m: 
[1;34mwandb[0m: 🚀 View run [33m5-composite_staged-stage2_m1[0m at: [34mhttps://wandb.ai/demiranda-gabriel/sparse-delta/runs/t9vvsm48[0m
[1;34mwandb[0m: Find logs at: [1;35mruns/5-composite_staged/5-composite_staged-stage2_m1/wandb/run-20260526_141147-t9vvsm48/logs[0m
