2026-05-28 01:42:47,645 INFO loading checkpoint: /n/netscratch/kozinsky_lab/Lab/demiranda/projects/sparse_delta/runs/5-composite_staged/5-composite_staged-stage3_gate/best.ckpt
2026-05-28 01:42:47,648 INFO [rank: 0] Loading model from checkpoint file: /n/netscratch/kozinsky_lab/Lab/demiranda/projects/sparse_delta/runs/5-composite_staged/5-composite_staged-stage3_gate/best.ckpt ...
/n/netscratch/kozinsky_lab/Lab/demiranda/projects/sparse_delta/.venv/lib/python3.12/site-packages/torch/jit/_script.py:1488: DeprecationWarning: `torch.jit.script` is deprecated. Please switch to `torch.compile` or `torch.export`.
  warnings.warn(
2026-05-28 01:42:48,650 WARNING Failed to get GPU information from pynvml: Unknown Error. Using default values for NVIDIA A100-SXM4-40GB.
2026-05-28 01:42:49,784 INFO moving model to cuda
2026-05-28 01:42:49,784 INFO loading val xyz: /n/netscratch/kozinsky_lab/Lab/demiranda/projects/sparse_delta/data/optb88/cameron_plus_bulkpt/split_val.xyz
2026-05-28 01:42:49,900 INFO val frames available: 274
Traceback (most recent call last):
  File "/n/netscratch/kozinsky_lab/Lab/demiranda/projects/sparse_delta/experiments/5-composite_staged/results/analyze_gate.py", line 234, in <module>
    raise SystemExit(main())
                     ^^^^^^
  File "/n/netscratch/kozinsky_lab/Lab/demiranda/projects/sparse_delta/experiments/5-composite_staged/results/analyze_gate.py", line 144, in main
    out = energy_net(data)
          ^^^^^^^^^^^^^^^^
  File "/n/netscratch/kozinsky_lab/Lab/demiranda/projects/sparse_delta/.venv/lib/python3.12/site-packages/torch/nn/modules/module.py", line 1779, in _wrapped_call_impl
    return self._call_impl(*args, **kwargs)
           ^^^^^^^^^^^^^^^^^^^^^^^^^^^^^^^^
  File "/n/netscratch/kozinsky_lab/Lab/demiranda/projects/sparse_delta/.venv/lib/python3.12/site-packages/torch/nn/modules/module.py", line 1790, in _call_impl
    return forward_call(*args, **kwargs)
           ^^^^^^^^^^^^^^^^^^^^^^^^^^^^^
  File "/n/netscratch/kozinsky_lab/Lab/demiranda/projects/sparse_delta/software/nequip-private/nequip/nn/graph_model.py", line 147, in forward
    return self.model(new_data)
           ^^^^^^^^^^^^^^^^^^^^
  File "/n/netscratch/kozinsky_lab/Lab/demiranda/projects/sparse_delta/.venv/lib/python3.12/site-packages/torch/nn/modules/module.py", line 1779, in _wrapped_call_impl
    return self._call_impl(*args, **kwargs)
           ^^^^^^^^^^^^^^^^^^^^^^^^^^^^^^^^
  File "/n/netscratch/kozinsky_lab/Lab/demiranda/projects/sparse_delta/.venv/lib/python3.12/site-packages/torch/nn/modules/module.py", line 1790, in _call_impl
    return forward_call(*args, **kwargs)
           ^^^^^^^^^^^^^^^^^^^^^^^^^^^^^
  File "/n/netscratch/kozinsky_lab/Lab/demiranda/projects/sparse_delta/software/nequip-private/nequip/nn/grad_output.py", line 217, in forward
    grads = torch.autograd.grad(
            ^^^^^^^^^^^^^^^^^^^^
  File "/n/netscratch/kozinsky_lab/Lab/demiranda/projects/sparse_delta/.venv/lib/python3.12/site-packages/torch/autograd/__init__.py", line 532, in grad
    result = _engine_run_backward(
             ^^^^^^^^^^^^^^^^^^^^^
  File "/n/netscratch/kozinsky_lab/Lab/demiranda/projects/sparse_delta/.venv/lib/python3.12/site-packages/torch/autograd/graph.py", line 869, in _engine_run_backward
    return Variable._execution_engine.run_backward(  # Calls into the C++ engine to run the backward pass
           ^^^^^^^^^^^^^^^^^^^^^^^^^^^^^^^^^^^^^^^^^^^^^^^^^^^^^^^^^^^^^^^^^^^^^^^^^^^^^^^^^^^^^^^^^^^^^^
RuntimeError: element 0 of tensors does not require grad and does not have a grad_fn
srun: error: holygpu7c26106: task 0: Exited with exit code 1
